This file contains any messages produced by compilers while
running configure, to aid debugging if configure makes a mistake.

It was created by SDL2_image configure 2.8.2, which was
generated by GNU Autoconf 2.71.  Invocation command line was

  $ ./configure --prefix=/c/Users/voan2/SDL2-scoop SHELL=C:/Progra~1/Git/usr/bin/sh.exe

## --------- ##
## Platform. ##
## --------- ##

hostname = DESKTOP-9Q2IBVF
uname -m = x86_64
uname -r = 3.5.7-463ebcdc.x86_64
uname -s = MINGW64_NT-10.0-19045
uname -v = 2025-03-03 17:26 UTC

/usr/bin/uname -p = unknown
/bin/uname -X     = unknown

/bin/arch              = x86_64
/usr/bin/arch -k       = unknown
/usr/convex/getsysinfo = unknown
/usr/bin/hostinfo      = unknown
/bin/machine           = unknown
/usr/bin/oslevel       = unknown
/bin/universe          = unknown

PATH: /c/Users/voan2/SDL2-scoop/bin/
PATH: /c/Users/voan2/bin/
PATH: /mingw64/bin/
PATH: /usr/local/bin/
PATH: /usr/bin/
PATH: /bin/
PATH: /mingw64/bin/
PATH: /usr/bin/
PATH: /c/Users/voan2/bin/
PATH: /c/Windows/system32/
PATH: /c/Windows/
PATH: /c/Windows/System32/Wbem/
PATH: /c/Windows/System32/WindowsPowerShell/v1.0/
PATH: /c/Windows/System32/OpenSSH/
PATH: /c/Program Files/NVIDIA Corporation/NVIDIA App/NvDLISR/
PATH: /c/Program Files (x86)/NVIDIA Corporation/PhysX/Common/
PATH: /cmd/
PATH: /c/Users/voan2/scoop/apps/gcc/current/bin/
PATH: /c/Users/voan2/scoop/shims/
PATH: /c/Users/voan2/AppData/Local/Programs/Python/Python312/Scripts/
PATH: /c/Users/voan2/AppData/Local/Programs/Python/Python312/
PATH: /c/Users/voan2/AppData/Local/Microsoft/WindowsApps/
PATH: /c/Users/voan2/AppData/Local/GitHubDesktop/bin/
PATH: /c/Users/voan2/AppData/Local/Programs/Microsoft VS Code/bin/
PATH: /usr/bin/vendor_perl/
PATH: /usr/bin/core_perl/


## ----------- ##
## Core tests. ##
## ----------- ##

configure:2758: looking for aux files: missing install-sh compile config.guess config.sub ltmain.sh
configure:2771:  trying ./
configure:2800:   ./missing found
configure:2782:   ./install-sh found
configure:2800:   ./compile found
configure:2800:   ./config.guess found
configure:2800:   ./config.sub found
configure:2800:   ./ltmain.sh found
configure:2964: checking build system type
configure:2979: result: x86_64-pc-mingw64
configure:2999: checking host system type
configure:3013: result: x86_64-pc-mingw64
configure:3099: checking for gcc
configure:3120: found /c/Users/voan2/scoop/apps/gcc/current/bin/gcc
configure:3131: result: gcc
configure:3484: checking for C compiler version
configure:3493: gcc --version >&5
gcc.exe (GCC) 13.2.0
Copyright (C) 2023 Free Software Foundation, Inc.
This is free software; see the source for copying conditions.  There is NO
warranty; not even for MERCHANTABILITY or FITNESS FOR A PARTICULAR PURPOSE.

configure:3504: $? = 0
configure:3493: gcc -v >&5
Using built-in specs.
COLLECT_GCC=C:\Users\voan2\scoop\apps\gcc\current\bin\gcc.exe
COLLECT_LTO_WRAPPER=C:/Users/voan2/scoop/apps/gcc/13.2.0/bin/../libexec/gcc/x86_64-w64-mingw32/13.2.0/lto-wrapper.exe
Target: x86_64-w64-mingw32
Configured with: ../src/configure --enable-languages=c,c++ --build=x86_64-w64-mingw32 --host=x86_64-w64-mingw32 --target=x86_64-w64-mingw32 --disable-multilib --prefix=/e/temp/gcc/dest --with-sysroot=/e/temp/gcc/dest --disable-libstdcxx-pch --disable-libstdcxx-verbose --disable-nls --disable-shared --disable-win32-registry --enable-threads=posix --enable-libgomp --with-zstd=/c/mingw
Thread model: posix
Supported LTO compression algorithms: zlib zstd
gcc version 13.2.0 (GCC) 
configure:3504: $? = 0
configure:3493: gcc -V >&5
gcc.exe: error: unrecognized command-line option '-V'
gcc.exe: fatal error: no input files
compilation terminated.
configure:3504: $? = 1
configure:3493: gcc -qversion >&5
gcc.exe: error: unrecognized command-line option '-qversion'; did you mean '--version'?
gcc.exe: fatal error: no input files
compilation terminated.
configure:3504: $? = 1
configure:3493: gcc -version >&5
gcc.exe: error: unrecognized command-line option '-version'
gcc.exe: fatal error: no input files
compilation terminated.
configure:3504: $? = 1
configure:3524: checking whether the C compiler works
configure:3546: gcc    conftest.c  >&5
configure:3550: $? = 0
configure:3600: result: yes
configure:3603: checking for C compiler default output file name
configure:3605: result: a.exe
configure:3611: checking for suffix of executables
configure:3618: gcc -o conftest.exe    conftest.c  >&5
configure:3622: $? = 0
configure:3645: result: .exe
configure:3667: checking whether we are cross compiling
configure:3675: gcc -o conftest.exe    conftest.c  >&5
configure:3679: $? = 0
configure:3686: ./conftest.exe
configure:3690: $? = 0
configure:3705: result: no
configure:3710: checking for suffix of object files
configure:3733: gcc -c   conftest.c >&5
configure:3737: $? = 0
configure:3759: result: o
configure:3763: checking whether the compiler supports GNU C
configure:3783: gcc -c   conftest.c >&5
configure:3783: $? = 0
configure:3793: result: yes
configure:3804: checking whether gcc accepts -g
configure:3825: gcc -c -g  conftest.c >&5
configure:3825: $? = 0
configure:3869: result: yes
configure:3889: checking for gcc option to enable C11 features
configure:3904: gcc  -c -g -O2  conftest.c >&5
configure:3904: $? = 0
configure:3922: result: none needed
configure:4038: checking whether gcc understands -c and -o together
configure:4061: gcc -c conftest.c -o conftest2.o
configure:4064: $? = 0
configure:4061: gcc -c conftest.c -o conftest2.o
configure:4064: $? = 0
configure:4076: result: yes
configure:4093: checking for a sed that does not truncate output
configure:4163: result: /usr/bin/sed
configure:4181: checking for grep that handles long lines and -e
configure:4245: result: /usr/bin/grep
configure:4250: checking for egrep
configure:4318: result: /usr/bin/grep -E
configure:4323: checking for fgrep
configure:4391: result: /usr/bin/grep -F
configure:4427: checking for ld used by gcc
configure:4495: result: C:/Users/voan2/scoop/apps/gcc/13.2.0/x86_64-w64-mingw32/bin/ld.exe
configure:4502: checking if the linker (C:/Users/voan2/scoop/apps/gcc/13.2.0/x86_64-w64-mingw32/bin/ld.exe) is GNU ld
configure:4518: result: yes
configure:4530: checking for BSD- or MS-compatible name lister (nm)
configure:4580: result: /c/Users/voan2/scoop/apps/gcc/current/bin/nm -B
configure:4708: checking the name lister (/c/Users/voan2/scoop/apps/gcc/current/bin/nm -B) interface
configure:4716: gcc -c -g -O2  conftest.c >&5
configure:4719: /c/Users/voan2/scoop/apps/gcc/current/bin/nm -B "conftest.o"
configure:4722: output
0000000000000000 b .bss
0000000000000000 d .data
0000000000000000 N .debug_abbrev
0000000000000000 N .debug_aranges
0000000000000000 N .debug_info
0000000000000000 N .debug_line
0000000000000000 N .debug_line_str
0000000000000000 r .rdata$zzz
0000000000000000 t .text
0000000000000000 B some_variable
configure:4729: result: BSD nm
configure:4732: checking whether ln -s works
configure:4739: result: no, using cp -pR
configure:4744: checking the maximum length of command line arguments
configure:4871: result: 8192
configure:4888: checking whether the shell understands some XSI constructs
configure:4898: result: yes
configure:4902: checking whether the shell understands "+="
configure:4908: result: yes
configure:4943: checking for C:/Users/voan2/scoop/apps/gcc/13.2.0/x86_64-w64-mingw32/bin/ld.exe option to reload object files
configure:4951: result: -r
configure:5025: checking for objdump
configure:5046: found /c/Users/voan2/scoop/apps/gcc/current/bin/objdump
configure:5057: result: objdump
configure:5086: checking how to recognize dependent libraries
configure:5288: result: pass_all
configure:5353: checking for ar
configure:5374: found /c/Users/voan2/scoop/apps/gcc/current/bin/ar
configure:5385: result: ar
configure:5468: checking for strip
configure:5489: found /c/Users/voan2/scoop/apps/gcc/current/bin/strip
configure:5500: result: strip
configure:5577: checking for ranlib
configure:5598: found /c/Users/voan2/scoop/apps/gcc/current/bin/ranlib
configure:5609: result: ranlib
configure:5699: checking command to parse /c/Users/voan2/scoop/apps/gcc/current/bin/nm -B output from gcc object
configure:5818: gcc -c -g -O2  conftest.c >&5
configure:5821: $? = 0
configure:5825: /c/Users/voan2/scoop/apps/gcc/current/bin/nm -B conftest.o \| sed -n -e 's/^.*[	 ]\([ABCDGIRSTW][ABCDGIRSTW]*\)[	 ][	 ]*\([_A-Za-z][_A-Za-z0-9]*\)\{0,1\}$/\1 \2 \2/p' \> conftest.nm
configure:5828: $? = 0
configure:5882: gcc -o conftest.exe -g -O2   conftest.c conftstm.o >&5
configure:5885: $? = 0
configure:5923: result: ok
configure:6785: checking for stdio.h
configure:6785: gcc -c -g -O2  conftest.c >&5
configure:6785: $? = 0
configure:6785: result: yes
configure:6785: checking for stdlib.h
configure:6785: gcc -c -g -O2  conftest.c >&5
configure:6785: $? = 0
configure:6785: result: yes
configure:6785: checking for string.h
configure:6785: gcc -c -g -O2  conftest.c >&5
configure:6785: $? = 0
configure:6785: result: yes
configure:6785: checking for inttypes.h
configure:6785: gcc -c -g -O2  conftest.c >&5
configure:6785: $? = 0
configure:6785: result: yes
configure:6785: checking for stdint.h
configure:6785: gcc -c -g -O2  conftest.c >&5
configure:6785: $? = 0
configure:6785: result: yes
configure:6785: checking for strings.h
configure:6785: gcc -c -g -O2  conftest.c >&5
configure:6785: $? = 0
configure:6785: result: yes
configure:6785: checking for sys/stat.h
configure:6785: gcc -c -g -O2  conftest.c >&5
configure:6785: $? = 0
configure:6785: result: yes
configure:6785: checking for sys/types.h
configure:6785: gcc -c -g -O2  conftest.c >&5
configure:6785: $? = 0
configure:6785: result: yes
configure:6785: checking for unistd.h
configure:6785: gcc -c -g -O2  conftest.c >&5
configure:6785: $? = 0
configure:6785: result: yes
configure:6810: checking for dlfcn.h
configure:6810: gcc -c -g -O2  conftest.c >&5
conftest.c:48:10: fatal error: dlfcn.h: No such file or directory
   48 | #include <dlfcn.h>
      |          ^~~~~~~~~
compilation terminated.
configure:6810: $? = 1
configure: failed program was:
| /* confdefs.h */
| #define PACKAGE_NAME "SDL2_image"
| #define PACKAGE_TARNAME "SDL2_image"
| #define PACKAGE_VERSION "2.8.2"
| #define PACKAGE_STRING "SDL2_image 2.8.2"
| #define PACKAGE_BUGREPORT "https://github.com/libsdl-org/SDL_image/issues"
| #define PACKAGE_URL ""
| #define HAVE_STDIO_H 1
| #define HAVE_STDLIB_H 1
| #define HAVE_STRING_H 1
| #define HAVE_INTTYPES_H 1
| #define HAVE_STDINT_H 1
| #define HAVE_STRINGS_H 1
| #define HAVE_SYS_STAT_H 1
| #define HAVE_SYS_TYPES_H 1
| #define HAVE_UNISTD_H 1
| #define STDC_HEADERS 1
| /* end confdefs.h.  */
| #include <stddef.h>
| #ifdef HAVE_STDIO_H
| # include <stdio.h>
| #endif
| #ifdef HAVE_STDLIB_H
| # include <stdlib.h>
| #endif
| #ifdef HAVE_STRING_H
| # include <string.h>
| #endif
| #ifdef HAVE_INTTYPES_H
| # include <inttypes.h>
| #endif
| #ifdef HAVE_STDINT_H
| # include <stdint.h>
| #endif
| #ifdef HAVE_STRINGS_H
| # include <strings.h>
| #endif
| #ifdef HAVE_SYS_TYPES_H
| # include <sys/types.h>
| #endif
| #ifdef HAVE_SYS_STAT_H
| # include <sys/stat.h>
| #endif
| #ifdef HAVE_UNISTD_H
| # include <unistd.h>
| #endif
| 
| #include <dlfcn.h>
configure:6810: result: no
configure:6873: checking for as
configure:6894: found /c/Users/voan2/scoop/apps/gcc/current/bin/as
configure:6905: result: as
configure:6975: checking for dlltool
configure:6996: found /c/Users/voan2/scoop/apps/gcc/current/bin/dlltool
configure:7007: result: dlltool
configure:7077: checking for objdump
configure:7109: result: objdump
configure:7323: checking for objdir
configure:7339: result: .libs
configure:7635: checking if gcc supports -fno-rtti -fno-exceptions
configure:7654: gcc -c -g -O2  -fno-rtti -fno-exceptions conftest.c >&5
cc1.exe: warning: command-line option '-fno-rtti' is valid for C++/D/ObjC++ but not for C
configure:7658: $? = 0
configure:7671: result: no
configure:7691: checking for gcc option to produce PIC
configure:7973: result: -DDLL_EXPORT -DPIC
configure:7985: checking if gcc PIC flag -DDLL_EXPORT -DPIC works
configure:8004: gcc -c -g -O2  -DDLL_EXPORT -DPIC -DPIC conftest.c >&5
configure:8008: $? = 0
configure:8021: result: yes
configure:8045: checking if gcc static flag -static works
configure:8074: result: yes
configure:8089: checking if gcc supports -c -o file.o
configure:8111: gcc -c -g -O2  -o out/conftest2.o conftest.c >&5
configure:8115: $? = 0
configure:8137: result: yes
configure:8145: checking if gcc supports -c -o file.o
configure:8193: result: yes
configure:8226: checking whether the gcc linker (C:/Users/voan2/scoop/apps/gcc/13.2.0/x86_64-w64-mingw32/bin/ld.exe) supports shared libraries
configure:9260: result: yes
configure:9297: checking whether -lc should be explicitly linked in
configure:9302: gcc -c -g -O2  conftest.c >&5
configure:9305: $? = 0
configure:9320: gcc -shared conftest.o  -v -o ./conftest -Wl,--enable-auto-image-base -Xlinker --out-implib -Xlinker conftest 2\>\&1 \| /usr/bin/grep  -lc  \>/dev/null 2\>\&1
configure:9323: $? = 1
configure:9335: result: yes
configure:9499: checking dynamic linker characteristics
configure:10175: result: Win32 ld.exe
configure:10277: checking how to hardcode library paths into programs
configure:10302: result: immediate
configure:10826: checking whether stripping libraries is possible
configure:10831: result: yes
configure:10866: checking if libtool supports shared libraries
configure:10868: result: yes
configure:10871: checking whether to build shared libraries
configure:10892: result: yes
configure:10895: checking whether to build static libraries
configure:10899: result: yes
configure:10984: checking for a BSD-compatible install
configure:11057: result: /usr/bin/install -c
configure:11068: checking whether build environment is sane
configure:11123: result: yes
configure:11278: checking for a race-free mkdir -p
configure:11322: result: /usr/bin/mkdir -p
configure:11329: checking for gawk
configure:11350: found /usr/bin/gawk
configure:11361: result: gawk
configure:11372: checking whether make sets $(MAKE)
configure:11395: result: yes
configure:11417: checking whether make supports the include directive
configure:11432: make -f confmf.GNU && cat confinc.out
this is the am__doit target
configure:11435: $? = 0
configure:11454: result: yes (GNU style)
configure:11489: checking whether make supports nested variables
configure:11507: result: yes
configure:11592: checking whether UID '197609' is supported by ustar format
configure:11598: result: yes
configure:11605: checking whether GID '197609' is supported by ustar format
configure:11611: result: yes
configure:11619: checking how to create a ustar tar archive
configure:11630: tar --version
tar (GNU tar) 1.35
Copyright (C) 2023 Free Software Foundation, Inc.
License GPLv3+: GNU GPL version 3 or later <https://gnu.org/licenses/gpl.html>.
This is free software: you are free to change and redistribute it.
There is NO WARRANTY, to the extent permitted by law.

Written by John Gilmore and Jay Fenlason.
configure:11633: $? = 0
configure:11673: tardir=conftest.dir && eval tar --format=ustar -cf - "$tardir" >conftest.tar
configure:11676: $? = 0
configure:11680: tar -xf - <conftest.tar
configure:11683: $? = 0
configure:11685: cat conftest.dir/file
GrepMe
configure:11688: $? = 0
configure:11702: result: gnutar
configure:11711: checking dependency style of gcc
configure:11823: result: gcc3
configure:11900: checking for gawk
configure:11932: result: gawk
configure:11996: checking for gcc
configure:12028: result: gcc
configure:12381: checking for C compiler version
configure:12390: gcc --version >&5
gcc.exe (GCC) 13.2.0
Copyright (C) 2023 Free Software Foundation, Inc.
This is free software; see the source for copying conditions.  There is NO
warranty; not even for MERCHANTABILITY or FITNESS FOR A PARTICULAR PURPOSE.

configure:12401: $? = 0
configure:12390: gcc -v >&5
Using built-in specs.
COLLECT_GCC=C:\Users\voan2\scoop\apps\gcc\current\bin\gcc.exe
COLLECT_LTO_WRAPPER=C:/Users/voan2/scoop/apps/gcc/13.2.0/bin/../libexec/gcc/x86_64-w64-mingw32/13.2.0/lto-wrapper.exe
Target: x86_64-w64-mingw32
Configured with: ../src/configure --enable-languages=c,c++ --build=x86_64-w64-mingw32 --host=x86_64-w64-mingw32 --target=x86_64-w64-mingw32 --disable-multilib --prefix=/e/temp/gcc/dest --with-sysroot=/e/temp/gcc/dest --disable-libstdcxx-pch --disable-libstdcxx-verbose --disable-nls --disable-shared --disable-win32-registry --enable-threads=posix --enable-libgomp --with-zstd=/c/mingw
Thread model: posix
Supported LTO compression algorithms: zlib zstd
gcc version 13.2.0 (GCC) 
configure:12401: $? = 0
configure:12390: gcc -V >&5
gcc.exe: error: unrecognized command-line option '-V'
gcc.exe: fatal error: no input files
compilation terminated.
configure:12401: $? = 1
configure:12390: gcc -qversion >&5
gcc.exe: error: unrecognized command-line option '-qversion'; did you mean '--version'?
gcc.exe: fatal error: no input files
compilation terminated.
configure:12401: $? = 1
configure:12390: gcc -version >&5
gcc.exe: error: unrecognized command-line option '-version'
gcc.exe: fatal error: no input files
compilation terminated.
configure:12401: $? = 1
configure:12405: checking whether the compiler supports GNU C
configure:12435: result: yes
configure:12446: checking whether gcc accepts -g
configure:12511: result: yes
configure:12531: checking for gcc option to enable C11 features
configure:12564: result: none needed
configure:12680: checking whether gcc understands -c and -o together
configure:12718: result: yes
configure:12794: checking for gcc
configure:12815: found /c/Users/voan2/scoop/apps/gcc/current/bin/gcc
configure:12826: result: gcc
configure:12851: checking for Objective C compiler version
configure:12860: gcc --version >&5
gcc.exe (GCC) 13.2.0
Copyright (C) 2023 Free Software Foundation, Inc.
This is free software; see the source for copying conditions.  There is NO
warranty; not even for MERCHANTABILITY or FITNESS FOR A PARTICULAR PURPOSE.

configure:12871: $? = 0
configure:12860: gcc -v >&5
Using built-in specs.
COLLECT_GCC=C:\Users\voan2\scoop\apps\gcc\current\bin\gcc.exe
COLLECT_LTO_WRAPPER=C:/Users/voan2/scoop/apps/gcc/13.2.0/bin/../libexec/gcc/x86_64-w64-mingw32/13.2.0/lto-wrapper.exe
Target: x86_64-w64-mingw32
Configured with: ../src/configure --enable-languages=c,c++ --build=x86_64-w64-mingw32 --host=x86_64-w64-mingw32 --target=x86_64-w64-mingw32 --disable-multilib --prefix=/e/temp/gcc/dest --with-sysroot=/e/temp/gcc/dest --disable-libstdcxx-pch --disable-libstdcxx-verbose --disable-nls --disable-shared --disable-win32-registry --enable-threads=posix --enable-libgomp --with-zstd=/c/mingw
Thread model: posix
Supported LTO compression algorithms: zlib zstd
gcc version 13.2.0 (GCC) 
configure:12871: $? = 0
configure:12860: gcc -V >&5
gcc.exe: error: unrecognized command-line option '-V'
gcc.exe: fatal error: no input files
compilation terminated.
configure:12871: $? = 1
configure:12860: gcc -qversion >&5
gcc.exe: error: unrecognized command-line option '-qversion'; did you mean '--version'?
gcc.exe: fatal error: no input files
compilation terminated.
configure:12871: $? = 1
configure:12875: checking whether the compiler supports GNU Objective C
configure:12895: gcc -c   conftest.m >&5
gcc.exe: error: conftest.m: Objective-C compiler not installed on this system
configure:12895: $? = 1
configure: failed program was:
| /* confdefs.h */
| #define PACKAGE_NAME "SDL2_image"
| #define PACKAGE_TARNAME "SDL2_image"
| #define PACKAGE_VERSION "2.8.2"
| #define PACKAGE_STRING "SDL2_image 2.8.2"
| #define PACKAGE_BUGREPORT "https://github.com/libsdl-org/SDL_image/issues"
| #define PACKAGE_URL ""
| #define HAVE_STDIO_H 1
| #define HAVE_STDLIB_H 1
| #define HAVE_STRING_H 1
| #define HAVE_INTTYPES_H 1
| #define HAVE_STDINT_H 1
| #define HAVE_STRINGS_H 1
| #define HAVE_SYS_STAT_H 1
| #define HAVE_SYS_TYPES_H 1
| #define HAVE_UNISTD_H 1
| #define STDC_HEADERS 1
| #define LT_OBJDIR ".libs/"
| #define SDL_BUILD_MAJOR_VERSION 2
| #define SDL_BUILD_MINOR_VERSION 8
| #define SDL_BUILD_MICRO_VERSION 2
| #define PACKAGE "SDL2_image"
| #define VERSION "2.8.2"
| /* end confdefs.h.  */
| 
| int
| main (void)
| {
| #ifndef __GNUC__
|        choke me
| #endif
| 
|   ;
|   return 0;
| }
configure:12905: result: no
configure:12916: checking whether gcc accepts -g
configure:12937: gcc -c -g  conftest.m >&5
gcc.exe: error: conftest.m: Objective-C compiler not installed on this system
configure:12937: $? = 1
configure: failed program was:
| /* confdefs.h */
| #define PACKAGE_NAME "SDL2_image"
| #define PACKAGE_TARNAME "SDL2_image"
| #define PACKAGE_VERSION "2.8.2"
| #define PACKAGE_STRING "SDL2_image 2.8.2"
| #define PACKAGE_BUGREPORT "https://github.com/libsdl-org/SDL_image/issues"
| #define PACKAGE_URL ""
| #define HAVE_STDIO_H 1
| #define HAVE_STDLIB_H 1
| #define HAVE_STRING_H 1
| #define HAVE_INTTYPES_H 1
| #define HAVE_STDINT_H 1
| #define HAVE_STRINGS_H 1
| #define HAVE_SYS_STAT_H 1
| #define HAVE_SYS_TYPES_H 1
| #define HAVE_UNISTD_H 1
| #define STDC_HEADERS 1
| #define LT_OBJDIR ".libs/"
| #define SDL_BUILD_MAJOR_VERSION 2
| #define SDL_BUILD_MINOR_VERSION 8
| #define SDL_BUILD_MICRO_VERSION 2
| #define PACKAGE "SDL2_image"
| #define VERSION "2.8.2"
| /* end confdefs.h.  */
| 
| int
| main (void)
| {
| 
|   ;
|   return 0;
| }
configure:12953: gcc -c   conftest.m >&5
gcc.exe: error: conftest.m: Objective-C compiler not installed on this system
configure:12953: $? = 1
configure: failed program was:
| /* confdefs.h */
| #define PACKAGE_NAME "SDL2_image"
| #define PACKAGE_TARNAME "SDL2_image"
| #define PACKAGE_VERSION "2.8.2"
| #define PACKAGE_STRING "SDL2_image 2.8.2"
| #define PACKAGE_BUGREPORT "https://github.com/libsdl-org/SDL_image/issues"
| #define PACKAGE_URL ""
| #define HAVE_STDIO_H 1
| #define HAVE_STDLIB_H 1
| #define HAVE_STRING_H 1
| #define HAVE_INTTYPES_H 1
| #define HAVE_STDINT_H 1
| #define HAVE_STRINGS_H 1
| #define HAVE_SYS_STAT_H 1
| #define HAVE_SYS_TYPES_H 1
| #define HAVE_UNISTD_H 1
| #define STDC_HEADERS 1
| #define LT_OBJDIR ".libs/"
| #define SDL_BUILD_MAJOR_VERSION 2
| #define SDL_BUILD_MINOR_VERSION 8
| #define SDL_BUILD_MICRO_VERSION 2
| #define PACKAGE "SDL2_image"
| #define VERSION "2.8.2"
| /* end confdefs.h.  */
| 
| int
| main (void)
| {
| 
|   ;
|   return 0;
| }
configure:12970: gcc -c -g  conftest.m >&5
gcc.exe: error: conftest.m: Objective-C compiler not installed on this system
configure:12970: $? = 1
configure: failed program was:
| /* confdefs.h */
| #define PACKAGE_NAME "SDL2_image"
| #define PACKAGE_TARNAME "SDL2_image"
| #define PACKAGE_VERSION "2.8.2"
| #define PACKAGE_STRING "SDL2_image 2.8.2"
| #define PACKAGE_BUGREPORT "https://github.com/libsdl-org/SDL_image/issues"
| #define PACKAGE_URL ""
| #define HAVE_STDIO_H 1
| #define HAVE_STDLIB_H 1
| #define HAVE_STRING_H 1
| #define HAVE_INTTYPES_H 1
| #define HAVE_STDINT_H 1
| #define HAVE_STRINGS_H 1
| #define HAVE_SYS_STAT_H 1
| #define HAVE_SYS_TYPES_H 1
| #define HAVE_UNISTD_H 1
| #define STDC_HEADERS 1
| #define LT_OBJDIR ".libs/"
| #define SDL_BUILD_MAJOR_VERSION 2
| #define SDL_BUILD_MINOR_VERSION 8
| #define SDL_BUILD_MICRO_VERSION 2
| #define PACKAGE "SDL2_image"
| #define VERSION "2.8.2"
| /* end confdefs.h.  */
| 
| int
| main (void)
| {
| 
|   ;
|   return 0;
| }
configure:12981: result: no
configure:13006: checking dependency style of gcc
configure:13116: result: gcc3
configure:13179: checking for windres
configure:13200: found /c/Users/voan2/scoop/apps/gcc/current/bin/windres
configure:13211: result: windres
configure:13234: checking for fgrep
configure:13302: result: /usr/bin/grep -F
configure:13307: checking whether make sets $(MAKE)
configure:13330: result: yes
configure:13398: checking for pkg-config
configure:13436: result: no
configure:13478: checking for gsort
configure:13513: result: no
configure:13478: checking for sort
configure:13499: found /usr/bin/sort
configure:13510: result: sort
configure:14009: checking for sdl2 >= 2.0.9
configure:14068: result: no
configure:14104: checking for sdl2-config
configure:14127: found /c/Users/voan2/SDL2-scoop/bin/sdl2-config
configure:14140: result: /c/Users/voan2/SDL2-scoop/bin/sdl2-config
configure:14149: checking for SDL - version >= 2.0.9
configure:14216: gcc -o conftest.exe -g -O2 -I/c/Users/voan2/SDL2-scoop/include/SDL2 -Dmain=SDL_main   conftest.c  -L/c/Users/voan2/SDL2-scoop/lib -lmingw32 -lSDL2main -lSDL2 -mwindows >&5
configure:14216: $? = 0
configure:14216: ./conftest.exe
configure:14216: $? = 0
configure:14232: result: yes
configure:14327: checking for libavif >= 0.9.3
configure:14436: result: no
configure:14446: checking for libavif >= 0.9.3
configure:14466: gcc -o conftest.exe -g -O2 -I/c/Users/voan2/SDL2-scoop/include/SDL2 -Dmain=SDL_main   conftest.c -lavif >&5
conftest.c:27:20: fatal error: avif/avif.h: No such file or directory
   27 |           #include <avif/avif.h>
      |                    ^~~~~~~~~~~~~
compilation terminated.
configure:14466: $? = 1
configure: failed program was:
| /* confdefs.h */
| #define PACKAGE_NAME "SDL2_image"
| #define PACKAGE_TARNAME "SDL2_image"
| #define PACKAGE_VERSION "2.8.2"
| #define PACKAGE_STRING "SDL2_image 2.8.2"
| #define PACKAGE_BUGREPORT "https://github.com/libsdl-org/SDL_image/issues"
| #define PACKAGE_URL ""
| #define HAVE_STDIO_H 1
| #define HAVE_STDLIB_H 1
| #define HAVE_STRING_H 1
| #define HAVE_INTTYPES_H 1
| #define HAVE_STDINT_H 1
| #define HAVE_STRINGS_H 1
| #define HAVE_SYS_STAT_H 1
| #define HAVE_SYS_TYPES_H 1
| #define HAVE_UNISTD_H 1
| #define STDC_HEADERS 1
| #define LT_OBJDIR ".libs/"
| #define SDL_BUILD_MAJOR_VERSION 2
| #define SDL_BUILD_MINOR_VERSION 8
| #define SDL_BUILD_MICRO_VERSION 2
| #define PACKAGE "SDL2_image"
| #define VERSION "2.8.2"
| #define USE_STBIMAGE 1
| /* end confdefs.h.  */
| 
|           #include <avif/avif.h>
| 
| int
| main (void)
| {
| 
|           #if (AVIF_VERSION < 90300)
|           #error libavif too old.
|           #endif
|           return !!avifVersion();
| 
|   ;
|   return 0;
| }
configure:14486: result: no
configure:14527: WARNING: *** Unable to find AVIF library (https://github.com/AOMediaCodec/libavif)
configure:14529: WARNING: AVIF image loading disabled
configure:14766: checking for libjxl
configure:14877: result: no
configure:14879: checking for jxl/decode.h
configure:14879: gcc -c -g -O2 -I/c/Users/voan2/SDL2-scoop/include/SDL2 -Dmain=SDL_main  conftest.c >&5
conftest.c:55:10: fatal error: jxl/decode.h: No such file or directory
   55 | #include <jxl/decode.h>
      |          ^~~~~~~~~~~~~~
compilation terminated.
configure:14879: $? = 1
configure: failed program was:
| /* confdefs.h */
| #define PACKAGE_NAME "SDL2_image"
| #define PACKAGE_TARNAME "SDL2_image"
| #define PACKAGE_VERSION "2.8.2"
| #define PACKAGE_STRING "SDL2_image 2.8.2"
| #define PACKAGE_BUGREPORT "https://github.com/libsdl-org/SDL_image/issues"
| #define PACKAGE_URL ""
| #define HAVE_STDIO_H 1
| #define HAVE_STDLIB_H 1
| #define HAVE_STRING_H 1
| #define HAVE_INTTYPES_H 1
| #define HAVE_STDINT_H 1
| #define HAVE_STRINGS_H 1
| #define HAVE_SYS_STAT_H 1
| #define HAVE_SYS_TYPES_H 1
| #define HAVE_UNISTD_H 1
| #define STDC_HEADERS 1
| #define LT_OBJDIR ".libs/"
| #define SDL_BUILD_MAJOR_VERSION 2
| #define SDL_BUILD_MINOR_VERSION 8
| #define SDL_BUILD_MICRO_VERSION 2
| #define PACKAGE "SDL2_image"
| #define VERSION "2.8.2"
| #define USE_STBIMAGE 1
| #define LOAD_JPG 1
| /* end confdefs.h.  */
| #include <stddef.h>
| #ifdef HAVE_STDIO_H
| # include <stdio.h>
| #endif
| #ifdef HAVE_STDLIB_H
| # include <stdlib.h>
| #endif
| #ifdef HAVE_STRING_H
| # include <string.h>
| #endif
| #ifdef HAVE_INTTYPES_H
| # include <inttypes.h>
| #endif
| #ifdef HAVE_STDINT_H
| # include <stdint.h>
| #endif
| #ifdef HAVE_STRINGS_H
| # include <strings.h>
| #endif
| #ifdef HAVE_SYS_TYPES_H
| # include <sys/types.h>
| #endif
| #ifdef HAVE_SYS_STAT_H
| # include <sys/stat.h>
| #endif
| #ifdef HAVE_UNISTD_H
| # include <unistd.h>
| #endif
| #include <jxl/decode.h>
configure:14879: result: no
configure:14888: checking for JxlSignatureCheck in -ljxl
configure:14911: gcc -o conftest.exe -g -O2 -I/c/Users/voan2/SDL2-scoop/include/SDL2 -Dmain=SDL_main   conftest.c -ljxl   -L/c/Users/voan2/SDL2-scoop/lib -lmingw32 -lSDL2main -lSDL2 -mwindows >&5
C:/Users/voan2/scoop/apps/gcc/13.2.0/bin/../lib/gcc/x86_64-w64-mingw32/13.2.0/../../../../x86_64-w64-mingw32/bin/ld.exe: cannot find -ljxl: No such file or directory
collect2.exe: error: ld returned 1 exit status
configure:14911: $? = 1
configure: failed program was:
| /* confdefs.h */
| #define PACKAGE_NAME "SDL2_image"
| #define PACKAGE_TARNAME "SDL2_image"
| #define PACKAGE_VERSION "2.8.2"
| #define PACKAGE_STRING "SDL2_image 2.8.2"
| #define PACKAGE_BUGREPORT "https://github.com/libsdl-org/SDL_image/issues"
| #define PACKAGE_URL ""
| #define HAVE_STDIO_H 1
| #define HAVE_STDLIB_H 1
| #define HAVE_STRING_H 1
| #define HAVE_INTTYPES_H 1
| #define HAVE_STDINT_H 1
| #define HAVE_STRINGS_H 1
| #define HAVE_SYS_STAT_H 1
| #define HAVE_SYS_TYPES_H 1
| #define HAVE_UNISTD_H 1
| #define STDC_HEADERS 1
| #define LT_OBJDIR ".libs/"
| #define SDL_BUILD_MAJOR_VERSION 2
| #define SDL_BUILD_MINOR_VERSION 8
| #define SDL_BUILD_MICRO_VERSION 2
| #define PACKAGE "SDL2_image"
| #define VERSION "2.8.2"
| #define USE_STBIMAGE 1
| #define LOAD_JPG 1
| /* end confdefs.h.  */
| 
| /* Override any GCC internal prototype to avoid an error.
|    Use char because int might match the return type of a GCC
|    builtin and then its argument prototype would still apply.  */
| char JxlSignatureCheck ();
| int
| main (void)
| {
| return JxlSignatureCheck ();
|   ;
|   return 0;
| }
configure:14921: result: no
configure:14970: WARNING: *** Unable to find JXL library (https://jpegxl.info/)
configure:14972: WARNING: JXL image loading disabled
configure:15207: checking for libtiff-4
configure:15318: result: no
configure:15320: checking for tiffio.h
configure:15320: gcc -c -g -O2 -I/c/Users/voan2/SDL2-scoop/include/SDL2 -Dmain=SDL_main  conftest.c >&5
conftest.c:56:10: fatal error: tiffio.h: No such file or directory
   56 | #include <tiffio.h>
      |          ^~~~~~~~~~
compilation terminated.
configure:15320: $? = 1
configure: failed program was:
| /* confdefs.h */
| #define PACKAGE_NAME "SDL2_image"
| #define PACKAGE_TARNAME "SDL2_image"
| #define PACKAGE_VERSION "2.8.2"
| #define PACKAGE_STRING "SDL2_image 2.8.2"
| #define PACKAGE_BUGREPORT "https://github.com/libsdl-org/SDL_image/issues"
| #define PACKAGE_URL ""
| #define HAVE_STDIO_H 1
| #define HAVE_STDLIB_H 1
| #define HAVE_STRING_H 1
| #define HAVE_INTTYPES_H 1
| #define HAVE_STDINT_H 1
| #define HAVE_STRINGS_H 1
| #define HAVE_SYS_STAT_H 1
| #define HAVE_SYS_TYPES_H 1
| #define HAVE_UNISTD_H 1
| #define STDC_HEADERS 1
| #define LT_OBJDIR ".libs/"
| #define SDL_BUILD_MAJOR_VERSION 2
| #define SDL_BUILD_MINOR_VERSION 8
| #define SDL_BUILD_MICRO_VERSION 2
| #define PACKAGE "SDL2_image"
| #define VERSION "2.8.2"
| #define USE_STBIMAGE 1
| #define LOAD_JPG 1
| #define LOAD_PNG 1
| /* end confdefs.h.  */
| #include <stddef.h>
| #ifdef HAVE_STDIO_H
| # include <stdio.h>
| #endif
| #ifdef HAVE_STDLIB_H
| # include <stdlib.h>
| #endif
| #ifdef HAVE_STRING_H
| # include <string.h>
| #endif
| #ifdef HAVE_INTTYPES_H
| # include <inttypes.h>
| #endif
| #ifdef HAVE_STDINT_H
| # include <stdint.h>
| #endif
| #ifdef HAVE_STRINGS_H
| # include <strings.h>
| #endif
| #ifdef HAVE_SYS_TYPES_H
| # include <sys/types.h>
| #endif
| #ifdef HAVE_SYS_STAT_H
| # include <sys/stat.h>
| #endif
| #ifdef HAVE_UNISTD_H
| # include <unistd.h>
| #endif
| #include <tiffio.h>
configure:15320: result: no
configure:15329: checking for TIFFClientOpen in -ltiff
configure:15352: gcc -o conftest.exe -g -O2 -I/c/Users/voan2/SDL2-scoop/include/SDL2 -Dmain=SDL_main   conftest.c -ltiff -lz  -L/c/Users/voan2/SDL2-scoop/lib -lmingw32 -lSDL2main -lSDL2 -mwindows >&5
C:/Users/voan2/scoop/apps/gcc/13.2.0/bin/../lib/gcc/x86_64-w64-mingw32/13.2.0/../../../../x86_64-w64-mingw32/bin/ld.exe: cannot find -ltiff: No such file or directory
C:/Users/voan2/scoop/apps/gcc/13.2.0/bin/../lib/gcc/x86_64-w64-mingw32/13.2.0/../../../../x86_64-w64-mingw32/bin/ld.exe: cannot find -lz: No such file or directory
collect2.exe: error: ld returned 1 exit status
configure:15352: $? = 1
configure: failed program was:
| /* confdefs.h */
| #define PACKAGE_NAME "SDL2_image"
| #define PACKAGE_TARNAME "SDL2_image"
| #define PACKAGE_VERSION "2.8.2"
| #define PACKAGE_STRING "SDL2_image 2.8.2"
| #define PACKAGE_BUGREPORT "https://github.com/libsdl-org/SDL_image/issues"
| #define PACKAGE_URL ""
| #define HAVE_STDIO_H 1
| #define HAVE_STDLIB_H 1
| #define HAVE_STRING_H 1
| #define HAVE_INTTYPES_H 1
| #define HAVE_STDINT_H 1
| #define HAVE_STRINGS_H 1
| #define HAVE_SYS_STAT_H 1
| #define HAVE_SYS_TYPES_H 1
| #define HAVE_UNISTD_H 1
| #define STDC_HEADERS 1
| #define LT_OBJDIR ".libs/"
| #define SDL_BUILD_MAJOR_VERSION 2
| #define SDL_BUILD_MINOR_VERSION 8
| #define SDL_BUILD_MICRO_VERSION 2
| #define PACKAGE "SDL2_image"
| #define VERSION "2.8.2"
| #define USE_STBIMAGE 1
| #define LOAD_JPG 1
| #define LOAD_PNG 1
| /* end confdefs.h.  */
| 
| /* Override any GCC internal prototype to avoid an error.
|    Use char because int might match the return type of a GCC
|    builtin and then its argument prototype would still apply.  */
| char TIFFClientOpen ();
| int
| main (void)
| {
| return TIFFClientOpen ();
|   ;
|   return 0;
| }
configure:15362: result: no
configure:15406: WARNING: *** Unable to find Tiff library (http://www.simplesystems.org/libtiff/)
configure:15408: WARNING: TIF image loading disabled
configure:15418: checking for libwebpdemux
configure:15529: result: no
configure:15531: checking for webp/demux.h
configure:15531: gcc -c -g -O2 -I/c/Users/voan2/SDL2-scoop/include/SDL2 -Dmain=SDL_main  conftest.c >&5
conftest.c:56:10: fatal error: webp/demux.h: No such file or directory
   56 | #include <webp/demux.h>
      |          ^~~~~~~~~~~~~~
compilation terminated.
configure:15531: $? = 1
configure: failed program was:
| /* confdefs.h */
| #define PACKAGE_NAME "SDL2_image"
| #define PACKAGE_TARNAME "SDL2_image"
| #define PACKAGE_VERSION "2.8.2"
| #define PACKAGE_STRING "SDL2_image 2.8.2"
| #define PACKAGE_BUGREPORT "https://github.com/libsdl-org/SDL_image/issues"
| #define PACKAGE_URL ""
| #define HAVE_STDIO_H 1
| #define HAVE_STDLIB_H 1
| #define HAVE_STRING_H 1
| #define HAVE_INTTYPES_H 1
| #define HAVE_STDINT_H 1
| #define HAVE_STRINGS_H 1
| #define HAVE_SYS_STAT_H 1
| #define HAVE_SYS_TYPES_H 1
| #define HAVE_UNISTD_H 1
| #define STDC_HEADERS 1
| #define LT_OBJDIR ".libs/"
| #define SDL_BUILD_MAJOR_VERSION 2
| #define SDL_BUILD_MINOR_VERSION 8
| #define SDL_BUILD_MICRO_VERSION 2
| #define PACKAGE "SDL2_image"
| #define VERSION "2.8.2"
| #define USE_STBIMAGE 1
| #define LOAD_JPG 1
| #define LOAD_PNG 1
| /* end confdefs.h.  */
| #include <stddef.h>
| #ifdef HAVE_STDIO_H
| # include <stdio.h>
| #endif
| #ifdef HAVE_STDLIB_H
| # include <stdlib.h>
| #endif
| #ifdef HAVE_STRING_H
| # include <string.h>
| #endif
| #ifdef HAVE_INTTYPES_H
| # include <inttypes.h>
| #endif
| #ifdef HAVE_STDINT_H
| # include <stdint.h>
| #endif
| #ifdef HAVE_STRINGS_H
| # include <strings.h>
| #endif
| #ifdef HAVE_SYS_TYPES_H
| # include <sys/types.h>
| #endif
| #ifdef HAVE_SYS_STAT_H
| # include <sys/stat.h>
| #endif
| #ifdef HAVE_UNISTD_H
| # include <unistd.h>
| #endif
| #include <webp/demux.h>
configure:15531: result: no
configure:15540: checking for WebPDemuxGetFrame in -lwebpdemux
configure:15563: gcc -o conftest.exe -g -O2 -I/c/Users/voan2/SDL2-scoop/include/SDL2 -Dmain=SDL_main   conftest.c -lwebpdemux -lm  -L/c/Users/voan2/SDL2-scoop/lib -lmingw32 -lSDL2main -lSDL2 -mwindows >&5
C:/Users/voan2/scoop/apps/gcc/13.2.0/bin/../lib/gcc/x86_64-w64-mingw32/13.2.0/../../../../x86_64-w64-mingw32/bin/ld.exe: cannot find -lwebpdemux: No such file or directory
collect2.exe: error: ld returned 1 exit status
configure:15563: $? = 1
configure: failed program was:
| /* confdefs.h */
| #define PACKAGE_NAME "SDL2_image"
| #define PACKAGE_TARNAME "SDL2_image"
| #define PACKAGE_VERSION "2.8.2"
| #define PACKAGE_STRING "SDL2_image 2.8.2"
| #define PACKAGE_BUGREPORT "https://github.com/libsdl-org/SDL_image/issues"
| #define PACKAGE_URL ""
| #define HAVE_STDIO_H 1
| #define HAVE_STDLIB_H 1
| #define HAVE_STRING_H 1
| #define HAVE_INTTYPES_H 1
| #define HAVE_STDINT_H 1
| #define HAVE_STRINGS_H 1
| #define HAVE_SYS_STAT_H 1
| #define HAVE_SYS_TYPES_H 1
| #define HAVE_UNISTD_H 1
| #define STDC_HEADERS 1
| #define LT_OBJDIR ".libs/"
| #define SDL_BUILD_MAJOR_VERSION 2
| #define SDL_BUILD_MINOR_VERSION 8
| #define SDL_BUILD_MICRO_VERSION 2
| #define PACKAGE "SDL2_image"
| #define VERSION "2.8.2"
| #define USE_STBIMAGE 1
| #define LOAD_JPG 1
| #define LOAD_PNG 1
| /* end confdefs.h.  */
| 
| /* Override any GCC internal prototype to avoid an error.
|    Use char because int might match the return type of a GCC
|    builtin and then its argument prototype would still apply.  */
| char WebPDemuxGetFrame ();
| int
| main (void)
| {
| return WebPDemuxGetFrame ();
|   ;
|   return 0;
| }
configure:15573: result: no
configure:15596: checking for libwebp
configure:15707: result: no
configure:15709: checking for webp/decode.h
configure:15709: gcc -c -g -O2 -I/c/Users/voan2/SDL2-scoop/include/SDL2 -Dmain=SDL_main  conftest.c >&5
conftest.c:56:10: fatal error: webp/decode.h: No such file or directory
   56 | #include <webp/decode.h>
      |          ^~~~~~~~~~~~~~~
compilation terminated.
configure:15709: $? = 1
configure: failed program was:
| /* confdefs.h */
| #define PACKAGE_NAME "SDL2_image"
| #define PACKAGE_TARNAME "SDL2_image"
| #define PACKAGE_VERSION "2.8.2"
| #define PACKAGE_STRING "SDL2_image 2.8.2"
| #define PACKAGE_BUGREPORT "https://github.com/libsdl-org/SDL_image/issues"
| #define PACKAGE_URL ""
| #define HAVE_STDIO_H 1
| #define HAVE_STDLIB_H 1
| #define HAVE_STRING_H 1
| #define HAVE_INTTYPES_H 1
| #define HAVE_STDINT_H 1
| #define HAVE_STRINGS_H 1
| #define HAVE_SYS_STAT_H 1
| #define HAVE_SYS_TYPES_H 1
| #define HAVE_UNISTD_H 1
| #define STDC_HEADERS 1
| #define LT_OBJDIR ".libs/"
| #define SDL_BUILD_MAJOR_VERSION 2
| #define SDL_BUILD_MINOR_VERSION 8
| #define SDL_BUILD_MICRO_VERSION 2
| #define PACKAGE "SDL2_image"
| #define VERSION "2.8.2"
| #define USE_STBIMAGE 1
| #define LOAD_JPG 1
| #define LOAD_PNG 1
| /* end confdefs.h.  */
| #include <stddef.h>
| #ifdef HAVE_STDIO_H
| # include <stdio.h>
| #endif
| #ifdef HAVE_STDLIB_H
| # include <stdlib.h>
| #endif
| #ifdef HAVE_STRING_H
| # include <string.h>
| #endif
| #ifdef HAVE_INTTYPES_H
| # include <inttypes.h>
| #endif
| #ifdef HAVE_STDINT_H
| # include <stdint.h>
| #endif
| #ifdef HAVE_STRINGS_H
| # include <strings.h>
| #endif
| #ifdef HAVE_SYS_TYPES_H
| # include <sys/types.h>
| #endif
| #ifdef HAVE_SYS_STAT_H
| # include <sys/stat.h>
| #endif
| #ifdef HAVE_UNISTD_H
| # include <unistd.h>
| #endif
| #include <webp/decode.h>
configure:15709: result: no
configure:15718: checking for WebPGetDecoderVersion in -lwebp
configure:15741: gcc -o conftest.exe -g -O2 -I/c/Users/voan2/SDL2-scoop/include/SDL2 -Dmain=SDL_main   conftest.c -lwebp -lm  -L/c/Users/voan2/SDL2-scoop/lib -lmingw32 -lSDL2main -lSDL2 -mwindows >&5
C:/Users/voan2/scoop/apps/gcc/13.2.0/bin/../lib/gcc/x86_64-w64-mingw32/13.2.0/../../../../x86_64-w64-mingw32/bin/ld.exe: cannot find -lwebp: No such file or directory
collect2.exe: error: ld returned 1 exit status
configure:15741: $? = 1
configure: failed program was:
| /* confdefs.h */
| #define PACKAGE_NAME "SDL2_image"
| #define PACKAGE_TARNAME "SDL2_image"
| #define PACKAGE_VERSION "2.8.2"
| #define PACKAGE_STRING "SDL2_image 2.8.2"
| #define PACKAGE_BUGREPORT "https://github.com/libsdl-org/SDL_image/issues"
| #define PACKAGE_URL ""
| #define HAVE_STDIO_H 1
| #define HAVE_STDLIB_H 1
| #define HAVE_STRING_H 1
| #define HAVE_INTTYPES_H 1
| #define HAVE_STDINT_H 1
| #define HAVE_STRINGS_H 1
| #define HAVE_SYS_STAT_H 1
| #define HAVE_SYS_TYPES_H 1
| #define HAVE_UNISTD_H 1
| #define STDC_HEADERS 1
| #define LT_OBJDIR ".libs/"
| #define SDL_BUILD_MAJOR_VERSION 2
| #define SDL_BUILD_MINOR_VERSION 8
| #define SDL_BUILD_MICRO_VERSION 2
| #define PACKAGE "SDL2_image"
| #define VERSION "2.8.2"
| #define USE_STBIMAGE 1
| #define LOAD_JPG 1
| #define LOAD_PNG 1
| /* end confdefs.h.  */
| 
| /* Override any GCC internal prototype to avoid an error.
|    Use char because int might match the return type of a GCC
|    builtin and then its argument prototype would still apply.  */
| char WebPGetDecoderVersion ();
| int
| main (void)
| {
| return WebPGetDecoderVersion ();
|   ;
|   return 0;
| }
configure:15751: result: no
configure:15800: WARNING: *** Unable to find WEBP library (https://developers.google.com/speed/webp)
configure:15802: WARNING: WEBP image loading disabled
configure:13624: checking for linker option --no-undefined
configure:13644: gcc -o conftest.exe -g -O2 -I/c/Users/voan2/SDL2-scoop/include/SDL2 -Dmain=SDL_main   -Wl,--no-undefined conftest.c  -L/c/Users/voan2/SDL2-scoop/lib -lmingw32 -lSDL2main -lSDL2 -mwindows >&5
configure:13644: $? = 0
configure:13654: result: yes
configure:13660: checking for GCC -Wall option
configure:13677: gcc -c -g -O2 -I/c/Users/voan2/SDL2-scoop/include/SDL2 -Dmain=SDL_main -Wall  conftest.c >&5
configure:13677: $? = 0
configure:13682: result: yes
configure:13689: checking for necessary GCC -Wno-multichar option
configure:13697: result: no
configure:13707: checking for GCC -fvisibility=hidden option
configure:13712: result: ignored for mingw64
configure:16293: checking that generated files are newer than configure
configure:16299: result: done
configure:16342: creating ./config.status

## ---------------------- ##
## Running config.status. ##
## ---------------------- ##

This file was extended by SDL2_image config.status 2.8.2, which was
generated by GNU Autoconf 2.71.  Invocation command line was

  CONFIG_FILES    = 
  CONFIG_HEADERS  = 
  CONFIG_LINKS    = 
  CONFIG_COMMANDS = 
  $ ./config.status 

on DESKTOP-9Q2IBVF

config.status:1078: creating Makefile
config.status:1078: creating sdl2_image-config.cmake
config.status:1078: creating sdl2_image-config-version.cmake
config.status:1078: creating SDL2_image.spec
config.status:1078: creating SDL2_image.pc
config.status:1078: creating test/Makefile
config.status:1250: executing libtool commands
config.status:1250: executing depfiles commands
config.status:1969: cd .       && sed -e '/# am--include-marker/d' Makefile         | make -f - am--depfiles
config.status:1974: $? = 0
config.status:1969: cd test       && sed -e '/# am--include-marker/d' Makefile         | make -f - am--depfiles
config.status:1974: $? = 0

## ---------------- ##
## Cache variables. ##
## ---------------- ##

ac_cv_build=x86_64-pc-mingw64
ac_cv_c_compiler_gnu=yes
ac_cv_env_CC_set=
ac_cv_env_CC_value=
ac_cv_env_CFLAGS_set=
ac_cv_env_CFLAGS_value=
ac_cv_env_CPPFLAGS_set=
ac_cv_env_CPPFLAGS_value=
ac_cv_env_LDFLAGS_set=
ac_cv_env_LDFLAGS_value=
ac_cv_env_LIBAVIF_CFLAGS_set=
ac_cv_env_LIBAVIF_CFLAGS_value=
ac_cv_env_LIBAVIF_LIBS_set=
ac_cv_env_LIBAVIF_LIBS_value=
ac_cv_env_LIBJPEG_CFLAGS_set=
ac_cv_env_LIBJPEG_CFLAGS_value=
ac_cv_env_LIBJPEG_LIBS_set=
ac_cv_env_LIBJPEG_LIBS_value=
ac_cv_env_LIBJXL_CFLAGS_set=
ac_cv_env_LIBJXL_CFLAGS_value=
ac_cv_env_LIBJXL_LIBS_set=
ac_cv_env_LIBJXL_LIBS_value=
ac_cv_env_LIBPNG_CFLAGS_set=
ac_cv_env_LIBPNG_CFLAGS_value=
ac_cv_env_LIBPNG_LIBS_set=
ac_cv_env_LIBPNG_LIBS_value=
ac_cv_env_LIBS_set=
ac_cv_env_LIBS_value=
ac_cv_env_LIBTIFF_CFLAGS_set=
ac_cv_env_LIBTIFF_CFLAGS_value=
ac_cv_env_LIBTIFF_LIBS_set=
ac_cv_env_LIBTIFF_LIBS_value=
ac_cv_env_LIBWEBPDEMUX_CFLAGS_set=
ac_cv_env_LIBWEBPDEMUX_CFLAGS_value=
ac_cv_env_LIBWEBPDEMUX_LIBS_set=
ac_cv_env_LIBWEBPDEMUX_LIBS_value=
ac_cv_env_LIBWEBP_CFLAGS_set=
ac_cv_env_LIBWEBP_CFLAGS_value=
ac_cv_env_LIBWEBP_LIBS_set=
ac_cv_env_LIBWEBP_LIBS_value=
ac_cv_env_OBJCFLAGS_set=
ac_cv_env_OBJCFLAGS_value=
ac_cv_env_OBJC_set=
ac_cv_env_OBJC_value=
ac_cv_env_PKG_CONFIG_LIBDIR_set=
ac_cv_env_PKG_CONFIG_LIBDIR_value=
ac_cv_env_PKG_CONFIG_PATH_set=set
ac_cv_env_PKG_CONFIG_PATH_value=/c/Users/voan2/SDL2-scoop/lib/pkgconfig
ac_cv_env_PKG_CONFIG_set=
ac_cv_env_PKG_CONFIG_value=
ac_cv_env_SDL_CFLAGS_set=
ac_cv_env_SDL_CFLAGS_value=
ac_cv_env_SDL_LIBS_set=
ac_cv_env_SDL_LIBS_value=
ac_cv_env_build_alias_set=
ac_cv_env_build_alias_value=
ac_cv_env_host_alias_set=
ac_cv_env_host_alias_value=
ac_cv_env_target_alias_set=
ac_cv_env_target_alias_value=
ac_cv_exeext=.exe
ac_cv_header_dlfcn_h=no
ac_cv_header_inttypes_h=yes
ac_cv_header_jxl_decode_h=no
ac_cv_header_stdint_h=yes
ac_cv_header_stdio_h=yes
ac_cv_header_stdlib_h=yes
ac_cv_header_string_h=yes
ac_cv_header_strings_h=yes
ac_cv_header_sys_stat_h=yes
ac_cv_header_sys_types_h=yes
ac_cv_header_tiffio_h=no
ac_cv_header_unistd_h=yes
ac_cv_header_webp_decode_h=no
ac_cv_header_webp_demux_h=no
ac_cv_host=x86_64-pc-mingw64
ac_cv_lib_jxl_JxlSignatureCheck=no
ac_cv_lib_tiff_TIFFClientOpen=no
ac_cv_lib_webp_WebPGetDecoderVersion=no
ac_cv_lib_webpdemux_WebPDemuxGetFrame=no
ac_cv_objc_compiler_gnu=no
ac_cv_objext=o
ac_cv_path_EGREP='/usr/bin/grep -E'
ac_cv_path_FGREP='/usr/bin/grep -F'
ac_cv_path_GREP=/usr/bin/grep
ac_cv_path_SDL2_CONFIG=/c/Users/voan2/SDL2-scoop/bin/sdl2-config
ac_cv_path_SED=/usr/bin/sed
ac_cv_path_install='/usr/bin/install -c'
ac_cv_path_mkdir=/usr/bin/mkdir
ac_cv_prog_AWK=gawk
ac_cv_prog_SORT=sort
ac_cv_prog_ac_ct_AR=ar
ac_cv_prog_ac_ct_AS=as
ac_cv_prog_ac_ct_CC=gcc
ac_cv_prog_ac_ct_DLLTOOL=dlltool
ac_cv_prog_ac_ct_OBJC=gcc
ac_cv_prog_ac_ct_OBJDUMP=objdump
ac_cv_prog_ac_ct_RANLIB=ranlib
ac_cv_prog_ac_ct_RC=windres
ac_cv_prog_ac_ct_STRIP=strip
ac_cv_prog_cc_c11=
ac_cv_prog_cc_g=yes
ac_cv_prog_cc_stdc=
ac_cv_prog_make_make_set=yes
ac_cv_prog_objc_g=no
am_cv_CC_dependencies_compiler_type=gcc3
am_cv_OBJC_dependencies_compiler_type=gcc3
am_cv_make_support_nested_variables=yes
am_cv_prog_cc_c_o=yes
am_cv_prog_tar_ustar=gnutar
lt_cv_deplibs_check_method=pass_all
lt_cv_file_magic_cmd=func_win32_libid
lt_cv_file_magic_test_file=
lt_cv_ld_reload_flag=-r
lt_cv_nm_interface='BSD nm'
lt_cv_objdir=.libs
lt_cv_path_LD=C:/Users/voan2/scoop/apps/gcc/13.2.0/x86_64-w64-mingw32/bin/ld.exe
lt_cv_path_NM='/c/Users/voan2/scoop/apps/gcc/current/bin/nm -B'
lt_cv_prog_compiler_c_o=yes
lt_cv_prog_compiler_pic_works=yes
lt_cv_prog_compiler_rtti_exceptions=no
lt_cv_prog_compiler_static_works=yes
lt_cv_prog_gnu_ld=yes
lt_cv_sys_global_symbol_pipe='sed -n -e '\''s/^.*[	 ]\([ABCDGIRSTW][ABCDGIRSTW]*\)[	 ][	 ]*\([_A-Za-z][_A-Za-z0-9]*\)\{0,1\}$/\1 \2 \2/p'\'''
lt_cv_sys_global_symbol_to_c_name_address='sed -n -e '\''s/^: \([^ ]*\) $/  {\"\1\", (void *) 0},/p'\'' -e '\''s/^[ABCDGIRSTW]* \([^ ]*\) \([^ ]*\)$/  {"\2", (void *) \&\2},/p'\'''
lt_cv_sys_global_symbol_to_c_name_address_lib_prefix='sed -n -e '\''s/^: \([^ ]*\) $/  {\"\1\", (void *) 0},/p'\'' -e '\''s/^[ABCDGIRSTW]* \([^ ]*\) \(lib[^ ]*\)$/  {"\2", (void *) \&\2},/p'\'' -e '\''s/^[ABCDGIRSTW]* \([^ ]*\) \([^ ]*\)$/  {"lib\2", (void *) \&\2},/p'\'''
lt_cv_sys_global_symbol_to_cdecl='sed -n -e '\''s/^T .* \(.*\)$/extern int \1();/p'\'' -e '\''s/^[ABCDGIRSTW]* .* \(.*\)$/extern char \1;/p'\'''
lt_cv_sys_max_cmd_len=8192

## ----------------- ##
## Output variables. ##
## ----------------- ##

ACLOCAL='${SHELL} '\''/c/Users/voan2/Documents/GitHub/OpenGlassBox/SDL2_image-2.8.2/missing'\'' aclocal-1.16'
AMDEPBACKSLASH='\'
AMDEP_FALSE='#'
AMDEP_TRUE=''
AMTAR='$${TAR-tar}'
AM_BACKSLASH='\'
AM_DEFAULT_V='$(AM_DEFAULT_VERBOSITY)'
AM_DEFAULT_VERBOSITY='1'
AM_V='$(V)'
AR='ar'
AS='as'
AUTOCONF='${SHELL} '\''/c/Users/voan2/Documents/GitHub/OpenGlassBox/SDL2_image-2.8.2/missing'\'' autoconf'
AUTOHEADER='${SHELL} '\''/c/Users/voan2/Documents/GitHub/OpenGlassBox/SDL2_image-2.8.2/missing'\'' autoheader'
AUTOMAKE='${SHELL} '\''/c/Users/voan2/Documents/GitHub/OpenGlassBox/SDL2_image-2.8.2/missing'\'' automake-1.16'
AWK='gawk'
BUILD_TESTS_FALSE=''
BUILD_TESTS_TRUE='#'
CC='gcc'
CCDEPMODE='depmode=gcc3'
CFLAGS='-g -O2 -I/c/Users/voan2/SDL2-scoop/include/SDL2 -Dmain=SDL_main -Wall'
CPPFLAGS=''
CSCOPE='cscope'
CTAGS='ctags'
CYGPATH_W='cygpath -w'
DEFS='-DPACKAGE_NAME=\"SDL2_image\" -DPACKAGE_TARNAME=\"SDL2_image\" -DPACKAGE_VERSION=\"2.8.2\" -DPACKAGE_STRING=\"SDL2_image\ 2.8.2\" -DPACKAGE_BUGREPORT=\"https://github.com/libsdl-org/SDL_image/issues\" -DPACKAGE_URL=\"\" -DHAVE_STDIO_H=1 -DHAVE_STDLIB_H=1 -DHAVE_STRING_H=1 -DHAVE_INTTYPES_H=1 -DHAVE_STDINT_H=1 -DHAVE_STRINGS_H=1 -DHAVE_SYS_STAT_H=1 -DHAVE_SYS_TYPES_H=1 -DHAVE_UNISTD_H=1 -DSTDC_HEADERS=1 -DLT_OBJDIR=\".libs/\" -DSDL_BUILD_MAJOR_VERSION=2 -DSDL_BUILD_MINOR_VERSION=8 -DSDL_BUILD_MICRO_VERSION=2 -DPACKAGE=\"SDL2_image\" -DVERSION=\"2.8.2\" -DUSE_STBIMAGE=1 -DLOAD_JPG=1 -DLOAD_PNG=1 -DLOAD_BMP=1 -DLOAD_GIF=1 -DLOAD_LBM=1 -DLOAD_PCX=1 -DLOAD_PNM=1 -DLOAD_SVG=1 -DLOAD_TGA=1 -DLOAD_XCF=1 -DLOAD_XPM=1 -DLOAD_XV=1 -DLOAD_QOI=1 -DSDL_IMAGE_SAVE_PNG=1 -DSDL_IMAGE_SAVE_JPG=1'
DEPDIR='.deps'
DLLTOOL='dlltool'
DSYMUTIL=''
DUMPBIN=''
ECHO_C=''
ECHO_N='-n'
ECHO_T=''
EGREP='/usr/bin/grep -E'
ETAGS='etags'
EXEEXT='.exe'
FGREP='/usr/bin/grep -F'
GREP='/usr/bin/grep'
IMG_LIBS=''
INSTALL_DATA='${INSTALL} -m 644'
INSTALL_PROGRAM='${INSTALL}'
INSTALL_SCRIPT='${INSTALL}'
INSTALL_STRIP_PROGRAM='$(install_sh) -c -s'
INSTALL_TESTS_FALSE=''
INSTALL_TESTS_TRUE='#'
LD='C:/Users/voan2/scoop/apps/gcc/13.2.0/x86_64-w64-mingw32/bin/ld.exe'
LDFLAGS=' -Wl,--no-undefined'
LIBAVIF_CFLAGS=''
LIBAVIF_LIBS=''
LIBJPEG_CFLAGS=''
LIBJPEG_LIBS=''
LIBJXL_CFLAGS=''
LIBJXL_LIBS=''
LIBOBJS=''
LIBPNG_CFLAGS=''
LIBPNG_LIBS=''
LIBS=' -L/c/Users/voan2/SDL2-scoop/lib -lmingw32 -lSDL2main -lSDL2 -mwindows'
LIBTIFF_CFLAGS=''
LIBTIFF_LIBS=''
LIBTOOL='$(SHELL) $(top_builddir)/libtool'
LIBWEBPDEMUX_CFLAGS=''
LIBWEBPDEMUX_LIBS=''
LIBWEBP_CFLAGS=''
LIBWEBP_LIBS=''
LIPO=''
LN_S='cp -pR'
LOAD_AVIF='0'
LOAD_BMP='1'
LOAD_GIF='1'
LOAD_JPG='1'
LOAD_JXL='0'
LOAD_LBM='1'
LOAD_PCX='1'
LOAD_PNG='1'
LOAD_PNM='1'
LOAD_QOI='1'
LOAD_SVG='1'
LOAD_TGA='1'
LOAD_TIF='0'
LOAD_WEBP=''
LOAD_XCF='1'
LOAD_XPM='1'
LOAD_XV='1'
LTLIBOBJS=''
LT_AGE='800'
LT_CURRENT='800'
LT_EXTRA='-Wl,src/version.o'
LT_RELEASE='2.0'
LT_REVISION='2'
MAJOR_VERSION='2'
MAKEINFO='${SHELL} '\''/c/Users/voan2/Documents/GitHub/OpenGlassBox/SDL2_image-2.8.2/missing'\'' makeinfo'
MICRO_VERSION='2'
MINOR_VERSION='8'
MKDIR_P='/usr/bin/mkdir -p'
NM='/c/Users/voan2/scoop/apps/gcc/current/bin/nm -B'
NMEDIT=''
OBJC='gcc'
OBJCDEPMODE='depmode=gcc3'
OBJCFLAGS='-g -O2 -I/c/Users/voan2/SDL2-scoop/include/SDL2 -Dmain=SDL_main -Wall'
OBJDUMP='objdump'
OBJEXT='o'
OTOOL64=''
OTOOL=''
PACKAGE='SDL2_image'
PACKAGE_BUGREPORT='https://github.com/libsdl-org/SDL_image/issues'
PACKAGE_NAME='SDL2_image'
PACKAGE_STRING='SDL2_image 2.8.2'
PACKAGE_TARNAME='SDL2_image'
PACKAGE_URL=''
PACKAGE_VERSION='2.8.2'
PATH_SEPARATOR=':'
PC_LIBS=''
PC_REQUIRES=''
PKG_CONFIG=''
PKG_CONFIG_LIBDIR=''
PKG_CONFIG_PATH='/c/Users/voan2/SDL2-scoop/lib/pkgconfig'
RANLIB='ranlib'
RC='windres'
SDL2IMAGE_JPG_SAVE='1'
SDL2IMAGE_PNG_SAVE='1'
SDL2_CONFIG='/c/Users/voan2/SDL2-scoop/bin/sdl2-config'
SDL_CFLAGS='-I/c/Users/voan2/SDL2-scoop/include/SDL2 -Dmain=SDL_main'
SDL_LIBS='-L/c/Users/voan2/SDL2-scoop/lib -lmingw32 -lSDL2main -lSDL2 -mwindows'
SDL_VERSION='2.0.9'
SED='/usr/bin/sed'
SET_MAKE=''
SHELL='C:/Progra~1/Git/usr/bin/sh.exe'
SORT='sort'
STRIP='strip'
USE_IMAGEIO='0'
USE_IMAGEIO_FALSE=''
USE_IMAGEIO_TRUE='#'
USE_STBIMAGE='1'
USE_VERSION_RC_FALSE='#'
USE_VERSION_RC_TRUE=''
USE_WIC='0'
VERSION='2.8.2'
ac_ct_CC='gcc'
ac_ct_DUMPBIN=''
ac_ct_OBJC='gcc'
am__EXEEXT_FALSE='#'
am__EXEEXT_TRUE=''
am__fastdepCC_FALSE='#'
am__fastdepCC_TRUE=''
am__fastdepOBJC_FALSE='#'
am__fastdepOBJC_TRUE=''
am__include='include'
am__isrc=''
am__leading_dot='.'
am__nodep='_no'
am__quote=''
am__tar='tar --format=ustar -cf - "$$tardir"'
am__untar='tar -xf -'
bindir='${exec_prefix}/bin'
build='x86_64-pc-mingw64'
build_alias=''
build_cpu='x86_64'
build_os='mingw64'
build_vendor='pc'
cmake_prefix_relpath='../../..'
datadir='${datarootdir}'
datarootdir='${prefix}/share'
docdir='${datarootdir}/doc/${PACKAGE_TARNAME}'
dvidir='${docdir}'
exec_prefix='${prefix}'
host='x86_64-pc-mingw64'
host_alias=''
host_cpu='x86_64'
host_os='mingw64'
host_vendor='pc'
htmldir='${docdir}'
includedir='${prefix}/include'
infodir='${datarootdir}/info'
install_sh='${SHELL} /c/Users/voan2/Documents/GitHub/OpenGlassBox/SDL2_image-2.8.2/install-sh'
libdir='${exec_prefix}/lib'
libexecdir='${exec_prefix}/libexec'
localedir='${datarootdir}/locale'
localstatedir='${prefix}/var'
lt_ECHO='echo'
mandir='${datarootdir}/man'
mkdir_p='$(MKDIR_P)'
oldincludedir='/usr/include'
pdfdir='${docdir}'
prefix='/c/Users/voan2/SDL2-scoop'
program_transform_name='s,x,x,'
psdir='${docdir}'
runstatedir='${localstatedir}/run'
sbindir='${exec_prefix}/sbin'
sharedstatedir='${prefix}/com'
sysconfdir='${prefix}/etc'
target_alias=''

## ----------- ##
## confdefs.h. ##
## ----------- ##

/* confdefs.h */
#define PACKAGE_NAME "SDL2_image"
#define PACKAGE_TARNAME "SDL2_image"
#define PACKAGE_VERSION "2.8.2"
#define PACKAGE_STRING "SDL2_image 2.8.2"
#define PACKAGE_BUGREPORT "https://github.com/libsdl-org/SDL_image/issues"
#define PACKAGE_URL ""
#define HAVE_STDIO_H 1
#define HAVE_STDLIB_H 1
#define HAVE_STRING_H 1
#define HAVE_INTTYPES_H 1
#define HAVE_STDINT_H 1
#define HAVE_STRINGS_H 1
#define HAVE_SYS_STAT_H 1
#define HAVE_SYS_TYPES_H 1
#define HAVE_UNISTD_H 1
#define STDC_HEADERS 1
#define LT_OBJDIR ".libs/"
#define SDL_BUILD_MAJOR_VERSION 2
#define SDL_BUILD_MINOR_VERSION 8
#define SDL_BUILD_MICRO_VERSION 2
#define PACKAGE "SDL2_image"
#define VERSION "2.8.2"
#define USE_STBIMAGE 1
#define LOAD_JPG 1
#define LOAD_PNG 1
#define LOAD_BMP 1
#define LOAD_GIF 1
#define LOAD_LBM 1
#define LOAD_PCX 1
#define LOAD_PNM 1
#define LOAD_SVG 1
#define LOAD_TGA 1
#define LOAD_XCF 1
#define LOAD_XPM 1
#define LOAD_XV 1
#define LOAD_QOI 1
#define SDL_IMAGE_SAVE_PNG 1
#define SDL_IMAGE_SAVE_JPG 1

configure: exit 0
